S,A,B,c',d',a',b',<Bd>,<Ab>
a,b,c,d
S
S->AB
A->AB
B->AB
S->c'd'
c'->c
d'->d
S->a'b'
a'->a
b'->b
A->a'b'
A->c'd'
B->c'd'
B->a'b'
S->c'<Bd>
<Bd>->Bd'
S->a'<Ab>
<Ab>->Ab'
A->a'<Ab>
A->c'<Bd>
B->c'<Bd>
B->a'<Ab>