S,A,B
a,b,c,d
S
S->AB
S->cBd
S->cd
S->aAb
S->ab
A->aAb
A->ab
A->AB
A->cBd
A->cd
B->cBd
B->cd
B->aAb
B->ab
B->AB